---
source: src/ipc/icnf_refutation.rs
expression: dimacs

---
p cnf 30 59
-1 -3 2 0
-4 -1 5 0
-4 -2 6 0
-5 -3 6 0
-7 -1 8 0
-7 -2 9 0
-8 -3 9 0
-10 -1 11 0
-10 -2 12 0
-11 -3 12 0
-13 -1 14 0
-13 -2 15 0
-14 -3 15 0
-16 -1 17 0
-16 -2 18 0
-17 -3 18 0
4 19 0
-7 19 0
5 20 0
-8 20 0
1 20 0
6 21 0
-9 21 0
2 21 0
-19 -20 -21 10 0
5 22 0
-8 22 0
6 23 0
-9 23 0
3 23 0
-22 -23 11 0
6 24 0
-9 24 0
-24 12 0
7 25 0
-4 25 0
8 26 0
-5 26 0
1 26 0
9 27 0
-6 27 0
2 27 0
-25 -26 -27 13 0
8 28 0
-5 28 0
9 29 0
-6 29 0
3 29 0
-28 -29 14 0
9 30 0
-6 30 0
-30 15 0
-10 16 0
-11 17 0
-12 18 0
-13 16 0
-14 17 0
-15 18 0
-16 -17 -18 0

