---
source: src/ipc/icnf_refutation.rs
expression: mapping

---
RefutationMapping {
    wrel: [
        1,
        1,
        2,
        1,
        1,
        3,
        1,
        1,
        1,
    ],
    varmap: [
        4,
        5,
        6,
        7,
        8,
        9,
        10,
        11,
        12,
        13,
        14,
        15,
        16,
        17,
        18,
    ],
}
